22:35:05.414 [main] ERROR com.hyunje.fds.FdsSystemApp - Start fds system
22:35:05.682 [main] ERROR com.hyunje.fds.FdsSystemApp - Finished start every components
22:35:06.398 [Thread-5] ERROR com.hyunje.fds.TransactionGenerator - Generate log type: register, json: {"_t":"RegisterLog","userId":"5173735230","userName":"KRU1","birthDate":"19561001","registerTime":"20200720010000"}
22:35:06.412 [Thread-5] ERROR com.hyunje.fds.TransactionGenerator - Generate log type: create-account, json: {"_t":"CreateAccountLog","userId":"5173735230","accountId":"56225010","tradeTime":"20200720103000"}
22:35:06.421 [Thread-5] ERROR com.hyunje.fds.TransactionGenerator - Generate log type: deposit, json: {"_t":"deposit","userId":"5173735230","accountId":"56225010","amount":150,"tradeTime":"20200720104000"}
22:35:06.431 [Thread-5] ERROR com.hyunje.fds.TransactionGenerator - Generate log type: deposit, json: {"_t":"deposit","userId":"5173735230","accountId":"56225010","amount":150,"tradeTime":"20200720104500"}
22:35:06.438 [Thread-5] ERROR com.hyunje.fds.TransactionGenerator - Generate log type: deposit, json: {"_t":"deposit","userId":"5173735230","accountId":"56225010","amount":150,"tradeTime":"20200720113000"}
22:35:06.445 [Thread-5] ERROR com.hyunje.fds.TransactionGenerator - Generate log type: withdraw, json: {"_t":"withdraw","userId":"5173735230","accountId":"56225010","amount":30,"tradeTime":"20200720201100"}
22:35:06.452 [Thread-5] ERROR com.hyunje.fds.TransactionGenerator - Generate log type: transfer, json: {"_t":"transfer","userId":"5173735230","accountId":"56225010","toBankName":null,"toBankAccountId":null,"toBankUserName":null,"amount":100,"tradeTime":"20200720201000"}
22:35:06.460 [Thread-5] ERROR com.hyunje.fds.TransactionGenerator - Generate log type: register, json: {"_t":"RegisterLog","userId":"8215169423","userName":"tMyH","birthDate":"19591001","registerTime":"20200720090000"}
22:35:06.466 [Thread-5] ERROR com.hyunje.fds.TransactionGenerator - Generate log type: create-account, json: {"_t":"CreateAccountLog","userId":"8215169423","accountId":"44473605","tradeTime":"20200720100000"}
22:35:06.474 [Thread-5] ERROR com.hyunje.fds.TransactionGenerator - Generate log type: deposit, json: {"_t":"deposit","userId":"8215169423","accountId":"44473605","amount":100,"tradeTime":"20200719101000"}
22:35:06.482 [Thread-5] ERROR com.hyunje.fds.TransactionGenerator - Generate log type: deposit, json: {"_t":"deposit","userId":"8215169423","accountId":"44473605","amount":100,"tradeTime":"20200719102000"}
22:35:06.496 [Thread-5] ERROR com.hyunje.fds.TransactionGenerator - Generate log type: deposit, json: {"_t":"deposit","userId":"8215169423","accountId":"44473605","amount":100,"tradeTime":"20200720090000"}
22:35:06.504 [Thread-5] ERROR com.hyunje.fds.TransactionGenerator - Generate log type: withdraw, json: {"_t":"withdraw","userId":"8215169423","accountId":"44473605","amount":100,"tradeTime":"20200720100000"}
22:35:06.510 [Thread-5] ERROR com.hyunje.fds.TransactionGenerator - Generate log type: transfer, json: {"_t":"transfer","userId":"8215169423","accountId":"44473605","toBankName":null,"toBankAccountId":null,"toBankUserName":null,"amount":200,"tradeTime":"20200720101000"}
22:35:06.603 [Thread-4] ERROR com.hyunje.fds.TransactionConsumer - TransactionConsumer got register log
22:35:06.646 [Thread-4] ERROR com.hyunje.fds.TransactionConsumer - Saved register log to redis
22:35:06.646 [Thread-4] ERROR com.hyunje.fds.TransactionConsumer - TransactionConsumer got create-account log
22:35:06.656 [Thread-4] ERROR com.hyunje.fds.TransactionConsumer - Saved create account log to redis
22:35:06.656 [Thread-4] ERROR com.hyunje.fds.TransactionConsumer - TransactionConsumer got deposit log
22:35:06.688 [Thread-4] ERROR com.hyunje.fds.TransactionConsumer - Send deposit log to topic fds.deposits.src
22:35:06.688 [Thread-4] ERROR com.hyunje.fds.TransactionConsumer - TransactionConsumer got deposit log
22:35:06.689 [Thread-4] ERROR com.hyunje.fds.TransactionConsumer - Send deposit log to topic fds.deposits.src
22:35:06.689 [Thread-4] ERROR com.hyunje.fds.TransactionConsumer - TransactionConsumer got deposit log
22:35:06.690 [Thread-4] ERROR com.hyunje.fds.TransactionConsumer - Send deposit log to topic fds.deposits.src
22:35:06.690 [Thread-4] ERROR com.hyunje.fds.TransactionConsumer - TransactionConsumer got withdraw log
22:35:06.698 [Thread-1] ERROR com.hyunje.fds.streams.DepositStreamGenerator - Received record of DepositLog, 56225010, 150, 20200720104000
22:35:06.712 [Thread-4] ERROR com.hyunje.fds.TransactionConsumer - Send withdraw log to topic fds.withdraw.src
22:35:06.712 [Thread-4] ERROR com.hyunje.fds.TransactionConsumer - TransactionConsumer got transfer log
22:35:06.718 [Thread-1] ERROR com.hyunje.fds.streams.DepositStreamGenerator - Sent to fds.deposits.stream
22:35:06.720 [Thread-1] ERROR com.hyunje.fds.streams.DepositStreamGenerator - Received record of DepositLog, 56225010, 150, 20200720104500
22:35:06.721 [Thread-1] ERROR com.hyunje.fds.streams.DepositStreamGenerator - Sent to fds.deposits.stream
22:35:06.721 [Thread-1] ERROR com.hyunje.fds.streams.DepositStreamGenerator - Received record of DepositLog, 56225010, 150, 20200720113000
22:35:06.721 [Thread-1] ERROR com.hyunje.fds.streams.DepositStreamGenerator - Sent to fds.deposits.stream
22:35:06.722 [Thread-3] ERROR com.hyunje.fds.streams.WithdrawStreamGenerator - Received record of deposit, 56225010, 30, 20200720201100
22:35:06.733 [Thread-4] ERROR com.hyunje.fds.TransactionConsumer - Send transfer log to topic fds.transfer.src
22:35:06.733 [Thread-4] ERROR com.hyunje.fds.TransactionConsumer - TransactionConsumer got register log
22:35:06.738 [Thread-3] ERROR com.hyunje.fds.streams.WithdrawStreamGenerator - Send to fds.withdraw.and.transfer.stream amount: -30
22:35:06.738 [Thread-4] ERROR com.hyunje.fds.TransactionConsumer - Saved register log to redis
22:35:06.738 [Thread-4] ERROR com.hyunje.fds.TransactionConsumer - TransactionConsumer got create-account log
22:35:06.743 [Thread-2] ERROR com.hyunje.fds.streams.TransferStreamGenerator - Received record of DepositLog, 56225010, 100, 20200720201000
22:35:06.743 [Thread-4] ERROR com.hyunje.fds.TransactionConsumer - Saved create account log to redis
22:35:06.744 [Thread-4] ERROR com.hyunje.fds.TransactionConsumer - TransactionConsumer got deposit log
22:35:06.744 [Thread-4] ERROR com.hyunje.fds.TransactionConsumer - Send deposit log to topic fds.deposits.src
22:35:06.745 [Thread-4] ERROR com.hyunje.fds.TransactionConsumer - TransactionConsumer got deposit log
22:35:06.745 [Thread-4] ERROR com.hyunje.fds.TransactionConsumer - Send deposit log to topic fds.deposits.src
22:35:06.745 [Thread-4] ERROR com.hyunje.fds.TransactionConsumer - TransactionConsumer got deposit log
22:35:06.746 [Thread-4] ERROR com.hyunje.fds.TransactionConsumer - Send deposit log to topic fds.deposits.src
22:35:06.746 [Thread-4] ERROR com.hyunje.fds.TransactionConsumer - TransactionConsumer got withdraw log
22:35:06.747 [Thread-4] ERROR com.hyunje.fds.TransactionConsumer - Send withdraw log to topic fds.withdraw.src
22:35:06.747 [Thread-4] ERROR com.hyunje.fds.TransactionConsumer - TransactionConsumer got transfer log
22:35:06.747 [Thread-4] ERROR com.hyunje.fds.TransactionConsumer - Send transfer log to topic fds.transfer.src
22:35:06.752 [Thread-1] ERROR com.hyunje.fds.streams.DepositStreamGenerator - Received record of DepositLog, 44473605, 100, 20200719101000
22:35:06.753 [Thread-1] ERROR com.hyunje.fds.streams.DepositStreamGenerator - Sent to fds.deposits.stream
22:35:06.754 [Thread-3] ERROR com.hyunje.fds.streams.WithdrawStreamGenerator - Received record of deposit, 44473605, 100, 20200720100000
22:35:06.754 [Thread-3] ERROR com.hyunje.fds.streams.WithdrawStreamGenerator - Send to fds.withdraw.and.transfer.stream amount: -100
22:35:06.759 [Thread-1] ERROR com.hyunje.fds.streams.DepositStreamGenerator - Received record of DepositLog, 44473605, 100, 20200719102000
22:35:06.759 [Thread-2] ERROR com.hyunje.fds.streams.TransferStreamGenerator - Sent to fds.withdraw.and.transfer.stream amount: -100
22:35:06.760 [Thread-1] ERROR com.hyunje.fds.streams.DepositStreamGenerator - Sent to fds.deposits.stream
22:35:06.761 [Thread-1] ERROR com.hyunje.fds.streams.DepositStreamGenerator - Received record of DepositLog, 44473605, 100, 20200720090000
22:35:06.763 [Thread-1] ERROR com.hyunje.fds.streams.DepositStreamGenerator - Sent to fds.deposits.stream
22:35:06.763 [Thread-2] ERROR com.hyunje.fds.streams.TransferStreamGenerator - Received record of DepositLog, 44473605, 200, 20200720101000
22:35:06.767 [Thread-2] ERROR com.hyunje.fds.streams.TransferStreamGenerator - Sent to fds.withdraw.and.transfer.stream amount: -200
22:35:07.081 [stream-test-e63f0707-2b3d-48f0-afca-5794be4b7407-StreamThread-1] ERROR com.hyunje.fds.TransactionEvaluator - Filter by user age, 56225010, AccId: 56225010, Amount: 150, TransTime: 20200720104000
22:35:07.098 [stream-test-e63f0707-2b3d-48f0-afca-5794be4b7407-StreamThread-1] ERROR com.hyunje.fds.TransactionEvaluator - User: 5173735230 -> Age: 63
22:35:07.098 [stream-test-e63f0707-2b3d-48f0-afca-5794be4b7407-StreamThread-1] ERROR com.hyunje.fds.TransactionEvaluator - Filter by created account time, 56225010, AccId: 56225010, Amount: 150, TransTime: 20200720104000
22:35:07.105 [stream-test-e63f0707-2b3d-48f0-afca-5794be4b7407-StreamThread-1] ERROR com.hyunje.fds.TransactionEvaluator - Account created 0 hours ago
22:35:07.119 [stream-test-e63f0707-2b3d-48f0-afca-5794be4b7407-StreamThread-1] ERROR com.hyunje.fds.TransactionEvaluator - Filter by user age, 56225010, AccId: 56225010, Amount: 150, TransTime: 20200720104500
22:35:07.129 [stream-test-e63f0707-2b3d-48f0-afca-5794be4b7407-StreamThread-1] ERROR com.hyunje.fds.TransactionEvaluator - User: 5173735230 -> Age: 63
22:35:07.129 [stream-test-e63f0707-2b3d-48f0-afca-5794be4b7407-StreamThread-1] ERROR com.hyunje.fds.TransactionEvaluator - Filter by created account time, 56225010, AccId: 56225010, Amount: 150, TransTime: 20200720104500
22:35:07.133 [stream-test-e63f0707-2b3d-48f0-afca-5794be4b7407-StreamThread-1] ERROR com.hyunje.fds.TransactionEvaluator - Account created 0 hours ago
22:35:07.136 [stream-test-e63f0707-2b3d-48f0-afca-5794be4b7407-StreamThread-1] ERROR com.hyunje.fds.TransactionEvaluator - Reduced to 300
22:35:07.137 [stream-test-e63f0707-2b3d-48f0-afca-5794be4b7407-StreamThread-1] ERROR com.hyunje.fds.TransactionEvaluator - Filter by user age, 56225010, AccId: 56225010, Amount: 150, TransTime: 20200720113000
22:35:07.146 [stream-test-e63f0707-2b3d-48f0-afca-5794be4b7407-StreamThread-1] ERROR com.hyunje.fds.TransactionEvaluator - User: 5173735230 -> Age: 63
22:35:07.146 [stream-test-e63f0707-2b3d-48f0-afca-5794be4b7407-StreamThread-1] ERROR com.hyunje.fds.TransactionEvaluator - Filter by created account time, 56225010, AccId: 56225010, Amount: 150, TransTime: 20200720113000
22:35:07.152 [stream-test-e63f0707-2b3d-48f0-afca-5794be4b7407-StreamThread-1] ERROR com.hyunje.fds.TransactionEvaluator - Account created 1 hours ago
22:35:07.153 [stream-test-e63f0707-2b3d-48f0-afca-5794be4b7407-StreamThread-1] ERROR com.hyunje.fds.TransactionEvaluator - Reduced to 450
22:35:07.154 [stream-test-e63f0707-2b3d-48f0-afca-5794be4b7407-StreamThread-1] ERROR com.hyunje.fds.TransactionEvaluator - Total transferred: -130
22:35:07.155 [stream-test-e63f0707-2b3d-48f0-afca-5794be4b7407-StreamThread-1] ERROR com.hyunje.fds.TransactionEvaluator - Filter by user age, 44473605, AccId: 44473605, Amount: 100, TransTime: 20200719101000
22:35:07.164 [stream-test-e63f0707-2b3d-48f0-afca-5794be4b7407-StreamThread-1] ERROR com.hyunje.fds.TransactionEvaluator - User: 8215169423 -> Age: 60
22:35:07.164 [stream-test-e63f0707-2b3d-48f0-afca-5794be4b7407-StreamThread-1] ERROR com.hyunje.fds.TransactionEvaluator - Filter by created account time, 44473605, AccId: 44473605, Amount: 100, TransTime: 20200719101000
22:35:07.169 [stream-test-e63f0707-2b3d-48f0-afca-5794be4b7407-StreamThread-1] ERROR com.hyunje.fds.TransactionEvaluator - Account created -23 hours ago
22:35:07.171 [stream-test-e63f0707-2b3d-48f0-afca-5794be4b7407-StreamThread-1] ERROR com.hyunje.fds.TransactionEvaluator - Total transferred: -300
22:35:07.171 [stream-test-e63f0707-2b3d-48f0-afca-5794be4b7407-StreamThread-1] ERROR com.hyunje.fds.TransactionEvaluator - Filter by user age, 44473605, AccId: 44473605, Amount: 100, TransTime: 20200719102000
22:35:07.180 [stream-test-e63f0707-2b3d-48f0-afca-5794be4b7407-StreamThread-1] ERROR com.hyunje.fds.TransactionEvaluator - User: 8215169423 -> Age: 60
22:35:07.181 [stream-test-e63f0707-2b3d-48f0-afca-5794be4b7407-StreamThread-1] ERROR com.hyunje.fds.TransactionEvaluator - Filter by created account time, 44473605, AccId: 44473605, Amount: 100, TransTime: 20200719102000
22:35:07.186 [stream-test-e63f0707-2b3d-48f0-afca-5794be4b7407-StreamThread-1] ERROR com.hyunje.fds.TransactionEvaluator - Account created -23 hours ago
22:35:07.187 [stream-test-e63f0707-2b3d-48f0-afca-5794be4b7407-StreamThread-1] ERROR com.hyunje.fds.TransactionEvaluator - Reduced to 200
22:35:07.187 [stream-test-e63f0707-2b3d-48f0-afca-5794be4b7407-StreamThread-1] ERROR com.hyunje.fds.TransactionEvaluator - Filter by user age, 44473605, AccId: 44473605, Amount: 100, TransTime: 20200720090000
22:35:07.197 [stream-test-e63f0707-2b3d-48f0-afca-5794be4b7407-StreamThread-1] ERROR com.hyunje.fds.TransactionEvaluator - User: 8215169423 -> Age: 60
22:35:07.197 [stream-test-e63f0707-2b3d-48f0-afca-5794be4b7407-StreamThread-1] ERROR com.hyunje.fds.TransactionEvaluator - Filter by created account time, 44473605, AccId: 44473605, Amount: 100, TransTime: 20200720090000
22:35:07.201 [stream-test-e63f0707-2b3d-48f0-afca-5794be4b7407-StreamThread-1] ERROR com.hyunje.fds.TransactionEvaluator - Account created -1 hours ago
22:35:07.204 [stream-test-e63f0707-2b3d-48f0-afca-5794be4b7407-StreamThread-1] ERROR com.hyunje.fds.TransactionEvaluator - Reduced to 300
22:35:36.258 [stream-test-e63f0707-2b3d-48f0-afca-5794be4b7407-StreamThread-1] ERROR com.hyunje.fds.TransactionEvaluator - total deposited amount: 450
22:35:36.258 [stream-test-e63f0707-2b3d-48f0-afca-5794be4b7407-StreamThread-1] ERROR com.hyunje.fds.TransactionEvaluator - groupedDeposit key: 56225010, value: AccId: 56225010, Amount: 450, TransTime: 20200720113000
22:35:36.265 [stream-test-e63f0707-2b3d-48f0-afca-5794be4b7407-StreamThread-1] ERROR com.hyunje.fds.TransactionEvaluator - total deposited amount: 300
22:35:36.265 [stream-test-e63f0707-2b3d-48f0-afca-5794be4b7407-StreamThread-1] ERROR com.hyunje.fds.TransactionEvaluator - groupedDeposit key: 44473605, value: AccId: 44473605, Amount: 300, TransTime: 20200720090000
22:35:36.299 [stream-test-e63f0707-2b3d-48f0-afca-5794be4b7407-StreamThread-1] ERROR com.hyunje.fds.TransactionEvaluator - groupedWithdrawAndTransfer key: 56225010, value: AccId: 56225010, Amount: -130, TransTime: 20200720201000
22:35:36.307 [stream-test-e63f0707-2b3d-48f0-afca-5794be4b7407-StreamThread-1] ERROR com.hyunje.fds.TransactionEvaluator - groupedWithdrawAndTransfer key: 44473605, value: AccId: 44473605, Amount: -300, TransTime: 20200720101000
22:35:36.335 [stream-test-e63f0707-2b3d-48f0-afca-5794be4b7407-StreamThread-1] ERROR com.hyunje.fds.TransactionEvaluator - join deposit: AccId: 56225010, Amount: 450, TransTime: 20200720113000, transfer: AccId: 56225010, Amount: -130, TransTime: 20200720201000
22:35:36.335 [stream-test-e63f0707-2b3d-48f0-afca-5794be4b7407-StreamThread-1] ERROR com.hyunje.fds.TransactionEvaluator - ACCOUNT ID 56225010 IS NON-FRAUD!
22:35:36.343 [stream-test-e63f0707-2b3d-48f0-afca-5794be4b7407-StreamThread-1] ERROR com.hyunje.fds.TransactionEvaluator - join deposit: AccId: 44473605, Amount: 300, TransTime: 20200720090000, transfer: AccId: 44473605, Amount: -300, TransTime: 20200720101000
22:35:36.343 [stream-test-e63f0707-2b3d-48f0-afca-5794be4b7407-StreamThread-1] ERROR com.hyunje.fds.TransactionEvaluator - ACCOUNT ID 44473605 DETECTED AS FRAUD!
User tMyH(8215169423)'s account 44473605 was detected as FRAUD!